[ian-zwaardski-malle-molen 1] IANZWAARDSKI-MALLE-MOLEN-@stevyvergouwen-16X9-HD_06.mp4
[ian-zwaardski-malle-molen 2] IANZWAARDSKI-MALLE-MOLEN-@stevyvergouwen-16X9-HD_12.mp4
[alois-groovebox-outdoor 1] ALOIS-GROOVEBOX-STEVYVERGOUWEN-16X9-HD_01.mp4
[alois-groovebox-outdoor 2] ALOIS-GROOVEBOX-STEVYVERGOUWEN-16X9-HD_04.mp4
[alois-azure 1] ALOÏS-AZURE-STEVYVERGOUWEN-HD-16X9_02.mp4
[alois-azure 2] ALOÏS-AZURE-STEVYVERGOUWEN-HD-16X9_05.mp4
[alois-festifoort 1] ALOIS-FESTIFOORT-16X9-HD-11.mp4
[alois-festifoort 2] ALOIS-FESTIFOORT-16X9-HD-09.mp4
[alois-off-the-radar 1] ALOÏS-OTR-StevyVergouwen-16X9-HD_01.mp4
[alois-off-the-radar 2] ALOÏS-OTR-StevyVergouwen-16X9-HD_08.mp4
[rasa-sol-oranje-zoet 1] RASA-SOL_OranjeZoet-StevyVergouwen_16X9_3.mp4
[rasa-sol-oranje-zoet 2] RASA-SOL_OranjeZoet-StevyVergouwen_16X9_5.mp4
[photo] 20250719_2354_VERKNIPT_BRADAMEDIA0052.jpg
[photo] 20250720_0127_VERKNIPT_BRADAMEDIA0067.jpg
[photo] 20250720_0233_VERKNIPT_BRADAMEDIA0023.jpg
[photo] 20250301_0250_VERKNIPT_BRADAMEDIA0109.jpg
[photo] 20250301_0640_VERKNIPT_BRADAMEDIA0039.jpg
[photo] 20250426_1548_VERKNIPT_BRADAMEDIA0087.jpg
[photo] 20250418_2309_PAASPOP_BRADAMEDIA0070.jpg
[photo] 20250419_0009_PAASPOP_BRADAMEDIA0028.jpg
[photo] 200425_1545_DGTL_BRADAMEDIA_0000070.jpg
[photo] 200425_1422_DGTL_BRADAMEDIA_0006.jpg
[photo] 20250607_1920_CRAVE_BRADAMEDIA0062.jpg
[photo] 20250615_2032_MODULAR_BRADAMEDIA0043.jpg
[photo] 20250616_0023_MODULAR_BRADAMEDIA0188.jpg
[photo] 20250817_0233_SONUS_BRADAMEDIA_SV_02156.jpg
[photo] 20250817_2342_SONUS_BRADAMEDIA_SV_04437.jpg
[photo] 20250818_1925_SONUS_BRADAMEDIA_SV_07364.jpg
[photo] 20250821_0045_SONUS_BRADAMEDIA_SV_06303.jpg
[photo] 20250821_0240_SONUS_BRADAMEDIA_SV_07820.jpg
[photo] 210625_2148_WINSON_BRADAMEDIA_0027.jpg
[photo] 250505_2202_YOUSUKE_STEVYVERGOUWEN_0089.jpg
[photo] 250505_2239_YOUSUKE_STEVYVERGOUWEN_0136.jpg
[photo] 20251024_1723_AWAKENINGS_BRADAMEDIA_STEVYVERGOUWEN_03904.jpg
[photo] 20251025_2137_LUMINE_BRADAMEDIA_STEVYVERGOUWEN_07133.jpg
[photo] 20251023_0144_NAGA_BRADAMEDIA_STEVYVERGOUWEN_07644.jpg
[photo] 20251026_0439_AMF_BRADAMEDIA_STEVYVERGOUWEN_08475.jpg
[photo] 20251027_0202_AO_BRADAMEDIA_STEVYVERGOUWEN_09412.jpg
[photo] 20251024_0125_AO_BRADAMEDIA_STEVYVERGOUWEN_01064.jpg
DONE 6 jobs, 12 clips, 27 photos
